Archive member included to satisfy reference by file (symbol)

c:/program files (x86)/atmel/studio/7.0/toolchain/avr8/avr8-gnu-toolchain/bin/../lib/gcc/avr/5.4.0/avr5\libgcc.a(_divmodhi4.o)
                              AVR/gzuart.o (__divmodhi4)
c:/program files (x86)/atmel/studio/7.0/toolchain/avr8/avr8-gnu-toolchain/bin/../lib/gcc/avr/5.4.0/avr5\libgcc.a(_divmodsi4.o)
                              AVR/gzuart.o (__divmodsi4)
c:/program files (x86)/atmel/studio/7.0/toolchain/avr8/avr8-gnu-toolchain/bin/../lib/gcc/avr/5.4.0/avr5\libgcc.a(_negsi2.o)
                              c:/program files (x86)/atmel/studio/7.0/toolchain/avr8/avr8-gnu-toolchain/bin/../lib/gcc/avr/5.4.0/avr5\libgcc.a(_divmodsi4.o) (__negsi2)
c:/program files (x86)/atmel/studio/7.0/toolchain/avr8/avr8-gnu-toolchain/bin/../lib/gcc/avr/5.4.0/avr5\libgcc.a(_exit.o)
                              C:/Program Files (x86)/Atmel/Studio/7.0/Packs/atmel/ATmega_DFP/1.6.364/gcc/dev/atmega644/avr5/crtatmega644.o (exit)
c:/program files (x86)/atmel/studio/7.0/toolchain/avr8/avr8-gnu-toolchain/bin/../lib/gcc/avr/5.4.0/avr5\libgcc.a(_copy_data.o)
                              AVR/grizzly.o (__do_copy_data)
c:/program files (x86)/atmel/studio/7.0/toolchain/avr8/avr8-gnu-toolchain/bin/../lib/gcc/avr/5.4.0/avr5\libgcc.a(_clear_bss.o)
                              AVR/gztimer.o (__do_clear_bss)
c:/program files (x86)/atmel/studio/7.0/toolchain/avr8/avr8-gnu-toolchain/bin/../lib/gcc/avr/5.4.0/avr5\libgcc.a(_muluhisi3.o)
                              AVR/gzuart.o (__muluhisi3)
c:/program files (x86)/atmel/studio/7.0/toolchain/avr8/avr8-gnu-toolchain/bin/../lib/gcc/avr/5.4.0/avr5\libgcc.a(_udivmodhi4.o)
                              c:/program files (x86)/atmel/studio/7.0/toolchain/avr8/avr8-gnu-toolchain/bin/../lib/gcc/avr/5.4.0/avr5\libgcc.a(_divmodhi4.o) (__udivmodhi4)
c:/program files (x86)/atmel/studio/7.0/toolchain/avr8/avr8-gnu-toolchain/bin/../lib/gcc/avr/5.4.0/avr5\libgcc.a(_udivmodsi4.o)
                              c:/program files (x86)/atmel/studio/7.0/toolchain/avr8/avr8-gnu-toolchain/bin/../lib/gcc/avr/5.4.0/avr5\libgcc.a(_divmodsi4.o) (__udivmodsi4)
c:/program files (x86)/atmel/studio/7.0/toolchain/avr8/avr8-gnu-toolchain/bin/../lib/gcc/avr/5.4.0/avr5\libgcc.a(_umulhisi3.o)
                              c:/program files (x86)/atmel/studio/7.0/toolchain/avr8/avr8-gnu-toolchain/bin/../lib/gcc/avr/5.4.0/avr5\libgcc.a(_muluhisi3.o) (__umulhisi3)

Allocating common symbols
Common symbol       size              file

side                0x1               Engine/chessglobal.o
hm                  0x1e4             Engine/chessglobal.o
board               0x80              Engine/chessglobal.o
criticalError       0x1               Engine/chessglobal.o
ply                 0x1               Engine/chessglobal.o
keysPressed         0x1               Engine/chessglobal.o
timerUptime         0x1               AVR/gztimer.o
funKeysPressed      0x1               Engine/chessglobal.o
timerRefreshTimer   0x1               AVR/gztimer.o
nodes               0x4               Engine/chessglobal.o
timerSilentCount    0x1               AVR/gztimer.o
displayDigit        0x1               Engine/chessglobal.o
timerRefreshNow     0x1               AVR/gztimer.o
plyMax              0x1               Engine/chessglobal.o
mvList              0x4b0             Engine/chessglobal.o
maxDepth            0x1               Engine/chessglobal.o

Discarded input sections

 .data          0x00000000        0x0 C:/Program Files (x86)/Atmel/Studio/7.0/Packs/atmel/ATmega_DFP/1.6.364/gcc/dev/atmega644/avr5/crtatmega644.o
 .bss           0x00000000        0x0 C:/Program Files (x86)/Atmel/Studio/7.0/Packs/atmel/ATmega_DFP/1.6.364/gcc/dev/atmega644/avr5/crtatmega644.o
 .text          0x00000000        0x0 AVR/grizzly.o
 .data          0x00000000        0x0 AVR/grizzly.o
 .bss           0x00000000        0x0 AVR/grizzly.o
 .text.getFieldKey
                0x00000000       0x22 AVR/grizzly.o
 .text          0x00000000        0x0 AVR/gzdisplay.o
 .data          0x00000000        0x0 AVR/gzdisplay.o
 .bss           0x00000000        0x0 AVR/gzdisplay.o
 .text.ledToggleWhite
                0x00000000        0xa AVR/gzdisplay.o
 .text.ledToggleBlack
                0x00000000        0xa AVR/gzdisplay.o
 .text.letSetWhiteBlack
                0x00000000        0x2 AVR/gzdisplay.o
 .text          0x00000000        0x0 AVR/gztimer.o
 .data          0x00000000        0x0 AVR/gztimer.o
 .bss           0x00000000        0x0 AVR/gztimer.o
 .text          0x00000000        0x0 AVR/gzuart.o
 .data          0x00000000        0x0 AVR/gzuart.o
 .bss           0x00000000        0x0 AVR/gzuart.o
 .text          0x00000000        0x0 AVR/main.o
 .data          0x00000000        0x0 AVR/main.o
 .bss           0x00000000        0x0 AVR/main.o
 .text          0x00000000        0x0 AVR/ui.o
 .data          0x00000000        0x0 AVR/ui.o
 .bss           0x00000000        0x0 AVR/ui.o
 .text.dbgInit  0x00000000        0x6 AVR/ui.o
 .text.dbgPutc  0x00000000        0x6 AVR/ui.o
 .text.dbgSendHexWord
                0x00000000        0x6 AVR/ui.o
 .text.dbgSendDec32
                0x00000000        0x6 AVR/ui.o
 .text.dbgPrintf
                0x00000000        0xe AVR/ui.o
 .text          0x00000000        0x0 Engine/chessglobal.o
 .data          0x00000000        0x0 Engine/chessglobal.o
 .bss           0x00000000        0x0 Engine/chessglobal.o
 .text          0x00000000        0x0 Engine/chessutils.o
 .data          0x00000000        0x0 Engine/chessutils.o
 .bss           0x00000000        0x0 Engine/chessutils.o
 .text.checkBoard
                0x00000000       0xa8 Engine/chessutils.o
 .text          0x00000000        0x0 Engine/eval.o
 .data          0x00000000        0x0 Engine/eval.o
 .bss           0x00000000        0x0 Engine/eval.o
 .text          0x00000000        0x0 Engine/movegen.o
 .data          0x00000000        0x0 Engine/movegen.o
 .bss           0x00000000        0x0 Engine/movegen.o
 .text          0x00000000        0x0 Engine/movemake.o
 .data          0x00000000        0x0 Engine/movemake.o
 .bss           0x00000000        0x0 Engine/movemake.o
 .text.inCkeck  0x00000000        0x4 Engine/movemake.o
 .text.undoMove
                0x00000000        0x2 Engine/movemake.o
 .text          0x00000000        0x0 Engine/search.o
 .data          0x00000000        0x0 Engine/search.o
 .bss           0x00000000        0x0 Engine/search.o
 .text          0x00000000        0x0 c:/program files (x86)/atmel/studio/7.0/toolchain/avr8/avr8-gnu-toolchain/bin/../lib/gcc/avr/5.4.0/avr5\libgcc.a(_divmodhi4.o)
 .data          0x00000000        0x0 c:/program files (x86)/atmel/studio/7.0/toolchain/avr8/avr8-gnu-toolchain/bin/../lib/gcc/avr/5.4.0/avr5\libgcc.a(_divmodhi4.o)
 .bss           0x00000000        0x0 c:/program files (x86)/atmel/studio/7.0/toolchain/avr8/avr8-gnu-toolchain/bin/../lib/gcc/avr/5.4.0/avr5\libgcc.a(_divmodhi4.o)
 .text.libgcc.mul
                0x00000000        0x0 c:/program files (x86)/atmel/studio/7.0/toolchain/avr8/avr8-gnu-toolchain/bin/../lib/gcc/avr/5.4.0/avr5\libgcc.a(_divmodhi4.o)
 .text.libgcc   0x00000000        0x0 c:/program files (x86)/atmel/studio/7.0/toolchain/avr8/avr8-gnu-toolchain/bin/../lib/gcc/avr/5.4.0/avr5\libgcc.a(_divmodhi4.o)
 .text.libgcc.prologue
                0x00000000        0x0 c:/program files (x86)/atmel/studio/7.0/toolchain/avr8/avr8-gnu-toolchain/bin/../lib/gcc/avr/5.4.0/avr5\libgcc.a(_divmodhi4.o)
 .text.libgcc.builtins
                0x00000000        0x0 c:/program files (x86)/atmel/studio/7.0/toolchain/avr8/avr8-gnu-toolchain/bin/../lib/gcc/avr/5.4.0/avr5\libgcc.a(_divmodhi4.o)
 .text.libgcc.fmul
                0x00000000        0x0 c:/program files (x86)/atmel/studio/7.0/toolchain/avr8/avr8-gnu-toolchain/bin/../lib/gcc/avr/5.4.0/avr5\libgcc.a(_divmodhi4.o)
 .text.libgcc.fixed
                0x00000000        0x0 c:/program files (x86)/atmel/studio/7.0/toolchain/avr8/avr8-gnu-toolchain/bin/../lib/gcc/avr/5.4.0/avr5\libgcc.a(_divmodhi4.o)
 .text          0x00000000        0x0 c:/program files (x86)/atmel/studio/7.0/toolchain/avr8/avr8-gnu-toolchain/bin/../lib/gcc/avr/5.4.0/avr5\libgcc.a(_divmodsi4.o)
 .data          0x00000000        0x0 c:/program files (x86)/atmel/studio/7.0/toolchain/avr8/avr8-gnu-toolchain/bin/../lib/gcc/avr/5.4.0/avr5\libgcc.a(_divmodsi4.o)
 .bss           0x00000000        0x0 c:/program files (x86)/atmel/studio/7.0/toolchain/avr8/avr8-gnu-toolchain/bin/../lib/gcc/avr/5.4.0/avr5\libgcc.a(_divmodsi4.o)
 .text.libgcc.mul
                0x00000000        0x0 c:/program files (x86)/atmel/studio/7.0/toolchain/avr8/avr8-gnu-toolchain/bin/../lib/gcc/avr/5.4.0/avr5\libgcc.a(_divmodsi4.o)
 .text.libgcc   0x00000000        0x0 c:/program files (x86)/atmel/studio/7.0/toolchain/avr8/avr8-gnu-toolchain/bin/../lib/gcc/avr/5.4.0/avr5\libgcc.a(_divmodsi4.o)
 .text.libgcc.prologue
                0x00000000        0x0 c:/program files (x86)/atmel/studio/7.0/toolchain/avr8/avr8-gnu-toolchain/bin/../lib/gcc/avr/5.4.0/avr5\libgcc.a(_divmodsi4.o)
 .text.libgcc.builtins
                0x00000000        0x0 c:/program files (x86)/atmel/studio/7.0/toolchain/avr8/avr8-gnu-toolchain/bin/../lib/gcc/avr/5.4.0/avr5\libgcc.a(_divmodsi4.o)
 .text.libgcc.fmul
                0x00000000        0x0 c:/program files (x86)/atmel/studio/7.0/toolchain/avr8/avr8-gnu-toolchain/bin/../lib/gcc/avr/5.4.0/avr5\libgcc.a(_divmodsi4.o)
 .text.libgcc.fixed
                0x00000000        0x0 c:/program files (x86)/atmel/studio/7.0/toolchain/avr8/avr8-gnu-toolchain/bin/../lib/gcc/avr/5.4.0/avr5\libgcc.a(_divmodsi4.o)
 .text          0x00000000        0x0 c:/program files (x86)/atmel/studio/7.0/toolchain/avr8/avr8-gnu-toolchain/bin/../lib/gcc/avr/5.4.0/avr5\libgcc.a(_negsi2.o)
 .data          0x00000000        0x0 c:/program files (x86)/atmel/studio/7.0/toolchain/avr8/avr8-gnu-toolchain/bin/../lib/gcc/avr/5.4.0/avr5\libgcc.a(_negsi2.o)
 .bss           0x00000000        0x0 c:/program files (x86)/atmel/studio/7.0/toolchain/avr8/avr8-gnu-toolchain/bin/../lib/gcc/avr/5.4.0/avr5\libgcc.a(_negsi2.o)
 .text.libgcc.mul
                0x00000000        0x0 c:/program files (x86)/atmel/studio/7.0/toolchain/avr8/avr8-gnu-toolchain/bin/../lib/gcc/avr/5.4.0/avr5\libgcc.a(_negsi2.o)
 .text.libgcc   0x00000000        0x0 c:/program files (x86)/atmel/studio/7.0/toolchain/avr8/avr8-gnu-toolchain/bin/../lib/gcc/avr/5.4.0/avr5\libgcc.a(_negsi2.o)
 .text.libgcc.prologue
                0x00000000        0x0 c:/program files (x86)/atmel/studio/7.0/toolchain/avr8/avr8-gnu-toolchain/bin/../lib/gcc/avr/5.4.0/avr5\libgcc.a(_negsi2.o)
 .text.libgcc.builtins
                0x00000000        0x0 c:/program files (x86)/atmel/studio/7.0/toolchain/avr8/avr8-gnu-toolchain/bin/../lib/gcc/avr/5.4.0/avr5\libgcc.a(_negsi2.o)
 .text.libgcc.fmul
                0x00000000        0x0 c:/program files (x86)/atmel/studio/7.0/toolchain/avr8/avr8-gnu-toolchain/bin/../lib/gcc/avr/5.4.0/avr5\libgcc.a(_negsi2.o)
 .text.libgcc.fixed
                0x00000000        0x0 c:/program files (x86)/atmel/studio/7.0/toolchain/avr8/avr8-gnu-toolchain/bin/../lib/gcc/avr/5.4.0/avr5\libgcc.a(_negsi2.o)
 .text          0x00000000        0x0 c:/program files (x86)/atmel/studio/7.0/toolchain/avr8/avr8-gnu-toolchain/bin/../lib/gcc/avr/5.4.0/avr5\libgcc.a(_exit.o)
 .data          0x00000000        0x0 c:/program files (x86)/atmel/studio/7.0/toolchain/avr8/avr8-gnu-toolchain/bin/../lib/gcc/avr/5.4.0/avr5\libgcc.a(_exit.o)
 .bss           0x00000000        0x0 c:/program files (x86)/atmel/studio/7.0/toolchain/avr8/avr8-gnu-toolchain/bin/../lib/gcc/avr/5.4.0/avr5\libgcc.a(_exit.o)
 .text.libgcc.mul
                0x00000000        0x0 c:/program files (x86)/atmel/studio/7.0/toolchain/avr8/avr8-gnu-toolchain/bin/../lib/gcc/avr/5.4.0/avr5\libgcc.a(_exit.o)
 .text.libgcc.div
                0x00000000        0x0 c:/program files (x86)/atmel/studio/7.0/toolchain/avr8/avr8-gnu-toolchain/bin/../lib/gcc/avr/5.4.0/avr5\libgcc.a(_exit.o)
 .text.libgcc   0x00000000        0x0 c:/program files (x86)/atmel/studio/7.0/toolchain/avr8/avr8-gnu-toolchain/bin/../lib/gcc/avr/5.4.0/avr5\libgcc.a(_exit.o)
 .text.libgcc.prologue
                0x00000000        0x0 c:/program files (x86)/atmel/studio/7.0/toolchain/avr8/avr8-gnu-toolchain/bin/../lib/gcc/avr/5.4.0/avr5\libgcc.a(_exit.o)
 .text.libgcc.builtins
                0x00000000        0x0 c:/program files (x86)/atmel/studio/7.0/toolchain/avr8/avr8-gnu-toolchain/bin/../lib/gcc/avr/5.4.0/avr5\libgcc.a(_exit.o)
 .text.libgcc.fmul
                0x00000000        0x0 c:/program files (x86)/atmel/studio/7.0/toolchain/avr8/avr8-gnu-toolchain/bin/../lib/gcc/avr/5.4.0/avr5\libgcc.a(_exit.o)
 .text.libgcc.fixed
                0x00000000        0x0 c:/program files (x86)/atmel/studio/7.0/toolchain/avr8/avr8-gnu-toolchain/bin/../lib/gcc/avr/5.4.0/avr5\libgcc.a(_exit.o)
 .text          0x00000000        0x0 c:/program files (x86)/atmel/studio/7.0/toolchain/avr8/avr8-gnu-toolchain/bin/../lib/gcc/avr/5.4.0/avr5\libgcc.a(_copy_data.o)
 .data          0x00000000        0x0 c:/program files (x86)/atmel/studio/7.0/toolchain/avr8/avr8-gnu-toolchain/bin/../lib/gcc/avr/5.4.0/avr5\libgcc.a(_copy_data.o)
 .bss           0x00000000        0x0 c:/program files (x86)/atmel/studio/7.0/toolchain/avr8/avr8-gnu-toolchain/bin/../lib/gcc/avr/5.4.0/avr5\libgcc.a(_copy_data.o)
 .text.libgcc.mul
                0x00000000        0x0 c:/program files (x86)/atmel/studio/7.0/toolchain/avr8/avr8-gnu-toolchain/bin/../lib/gcc/avr/5.4.0/avr5\libgcc.a(_copy_data.o)
 .text.libgcc.div
                0x00000000        0x0 c:/program files (x86)/atmel/studio/7.0/toolchain/avr8/avr8-gnu-toolchain/bin/../lib/gcc/avr/5.4.0/avr5\libgcc.a(_copy_data.o)
 .text.libgcc   0x00000000        0x0 c:/program files (x86)/atmel/studio/7.0/toolchain/avr8/avr8-gnu-toolchain/bin/../lib/gcc/avr/5.4.0/avr5\libgcc.a(_copy_data.o)
 .text.libgcc.prologue
                0x00000000        0x0 c:/program files (x86)/atmel/studio/7.0/toolchain/avr8/avr8-gnu-toolchain/bin/../lib/gcc/avr/5.4.0/avr5\libgcc.a(_copy_data.o)
 .text.libgcc.builtins
                0x00000000        0x0 c:/program files (x86)/atmel/studio/7.0/toolchain/avr8/avr8-gnu-toolchain/bin/../lib/gcc/avr/5.4.0/avr5\libgcc.a(_copy_data.o)
 .text.libgcc.fmul
                0x00000000        0x0 c:/program files (x86)/atmel/studio/7.0/toolchain/avr8/avr8-gnu-toolchain/bin/../lib/gcc/avr/5.4.0/avr5\libgcc.a(_copy_data.o)
 .text.libgcc.fixed
                0x00000000        0x0 c:/program files (x86)/atmel/studio/7.0/toolchain/avr8/avr8-gnu-toolchain/bin/../lib/gcc/avr/5.4.0/avr5\libgcc.a(_copy_data.o)
 .text          0x00000000        0x0 c:/program files (x86)/atmel/studio/7.0/toolchain/avr8/avr8-gnu-toolchain/bin/../lib/gcc/avr/5.4.0/avr5\libgcc.a(_clear_bss.o)
 .data          0x00000000        0x0 c:/program files (x86)/atmel/studio/7.0/toolchain/avr8/avr8-gnu-toolchain/bin/../lib/gcc/avr/5.4.0/avr5\libgcc.a(_clear_bss.o)
 .bss           0x00000000        0x0 c:/program files (x86)/atmel/studio/7.0/toolchain/avr8/avr8-gnu-toolchain/bin/../lib/gcc/avr/5.4.0/avr5\libgcc.a(_clear_bss.o)
 .text.libgcc.mul
                0x00000000        0x0 c:/program files (x86)/atmel/studio/7.0/toolchain/avr8/avr8-gnu-toolchain/bin/../lib/gcc/avr/5.4.0/avr5\libgcc.a(_clear_bss.o)
 .text.libgcc.div
                0x00000000        0x0 c:/program files (x86)/atmel/studio/7.0/toolchain/avr8/avr8-gnu-toolchain/bin/../lib/gcc/avr/5.4.0/avr5\libgcc.a(_clear_bss.o)
 .text.libgcc   0x00000000        0x0 c:/program files (x86)/atmel/studio/7.0/toolchain/avr8/avr8-gnu-toolchain/bin/../lib/gcc/avr/5.4.0/avr5\libgcc.a(_clear_bss.o)
 .text.libgcc.prologue
                0x00000000        0x0 c:/program files (x86)/atmel/studio/7.0/toolchain/avr8/avr8-gnu-toolchain/bin/../lib/gcc/avr/5.4.0/avr5\libgcc.a(_clear_bss.o)
 .text.libgcc.builtins
                0x00000000        0x0 c:/program files (x86)/atmel/studio/7.0/toolchain/avr8/avr8-gnu-toolchain/bin/../lib/gcc/avr/5.4.0/avr5\libgcc.a(_clear_bss.o)
 .text.libgcc.fmul
                0x00000000        0x0 c:/program files (x86)/atmel/studio/7.0/toolchain/avr8/avr8-gnu-toolchain/bin/../lib/gcc/avr/5.4.0/avr5\libgcc.a(_clear_bss.o)
 .text.libgcc.fixed
                0x00000000        0x0 c:/program files (x86)/atmel/studio/7.0/toolchain/avr8/avr8-gnu-toolchain/bin/../lib/gcc/avr/5.4.0/avr5\libgcc.a(_clear_bss.o)
 .text          0x00000000        0x0 c:/program files (x86)/atmel/studio/7.0/toolchain/avr8/avr8-gnu-toolchain/bin/../lib/gcc/avr/5.4.0/avr5\libgcc.a(_muluhisi3.o)
 .data          0x00000000        0x0 c:/program files (x86)/atmel/studio/7.0/toolchain/avr8/avr8-gnu-toolchain/bin/../lib/gcc/avr/5.4.0/avr5\libgcc.a(_muluhisi3.o)
 .bss           0x00000000        0x0 c:/program files (x86)/atmel/studio/7.0/toolchain/avr8/avr8-gnu-toolchain/bin/../lib/gcc/avr/5.4.0/avr5\libgcc.a(_muluhisi3.o)
 .text.libgcc.div
                0x00000000        0x0 c:/program files (x86)/atmel/studio/7.0/toolchain/avr8/avr8-gnu-toolchain/bin/../lib/gcc/avr/5.4.0/avr5\libgcc.a(_muluhisi3.o)
 .text.libgcc   0x00000000        0x0 c:/program files (x86)/atmel/studio/7.0/toolchain/avr8/avr8-gnu-toolchain/bin/../lib/gcc/avr/5.4.0/avr5\libgcc.a(_muluhisi3.o)
 .text.libgcc.prologue
                0x00000000        0x0 c:/program files (x86)/atmel/studio/7.0/toolchain/avr8/avr8-gnu-toolchain/bin/../lib/gcc/avr/5.4.0/avr5\libgcc.a(_muluhisi3.o)
 .text.libgcc.builtins
                0x00000000        0x0 c:/program files (x86)/atmel/studio/7.0/toolchain/avr8/avr8-gnu-toolchain/bin/../lib/gcc/avr/5.4.0/avr5\libgcc.a(_muluhisi3.o)
 .text.libgcc.fmul
                0x00000000        0x0 c:/program files (x86)/atmel/studio/7.0/toolchain/avr8/avr8-gnu-toolchain/bin/../lib/gcc/avr/5.4.0/avr5\libgcc.a(_muluhisi3.o)
 .text.libgcc.fixed
                0x00000000        0x0 c:/program files (x86)/atmel/studio/7.0/toolchain/avr8/avr8-gnu-toolchain/bin/../lib/gcc/avr/5.4.0/avr5\libgcc.a(_muluhisi3.o)
 .text          0x00000000        0x0 c:/program files (x86)/atmel/studio/7.0/toolchain/avr8/avr8-gnu-toolchain/bin/../lib/gcc/avr/5.4.0/avr5\libgcc.a(_udivmodhi4.o)
 .data          0x00000000        0x0 c:/program files (x86)/atmel/studio/7.0/toolchain/avr8/avr8-gnu-toolchain/bin/../lib/gcc/avr/5.4.0/avr5\libgcc.a(_udivmodhi4.o)
 .bss           0x00000000        0x0 c:/program files (x86)/atmel/studio/7.0/toolchain/avr8/avr8-gnu-toolchain/bin/../lib/gcc/avr/5.4.0/avr5\libgcc.a(_udivmodhi4.o)
 .text.libgcc.mul
                0x00000000        0x0 c:/program files (x86)/atmel/studio/7.0/toolchain/avr8/avr8-gnu-toolchain/bin/../lib/gcc/avr/5.4.0/avr5\libgcc.a(_udivmodhi4.o)
 .text.libgcc   0x00000000        0x0 c:/program files (x86)/atmel/studio/7.0/toolchain/avr8/avr8-gnu-toolchain/bin/../lib/gcc/avr/5.4.0/avr5\libgcc.a(_udivmodhi4.o)
 .text.libgcc.prologue
                0x00000000        0x0 c:/program files (x86)/atmel/studio/7.0/toolchain/avr8/avr8-gnu-toolchain/bin/../lib/gcc/avr/5.4.0/avr5\libgcc.a(_udivmodhi4.o)
 .text.libgcc.builtins
                0x00000000        0x0 c:/program files (x86)/atmel/studio/7.0/toolchain/avr8/avr8-gnu-toolchain/bin/../lib/gcc/avr/5.4.0/avr5\libgcc.a(_udivmodhi4.o)
 .text.libgcc.fmul
                0x00000000        0x0 c:/program files (x86)/atmel/studio/7.0/toolchain/avr8/avr8-gnu-toolchain/bin/../lib/gcc/avr/5.4.0/avr5\libgcc.a(_udivmodhi4.o)
 .text.libgcc.fixed
                0x00000000        0x0 c:/program files (x86)/atmel/studio/7.0/toolchain/avr8/avr8-gnu-toolchain/bin/../lib/gcc/avr/5.4.0/avr5\libgcc.a(_udivmodhi4.o)
 .text          0x00000000        0x0 c:/program files (x86)/atmel/studio/7.0/toolchain/avr8/avr8-gnu-toolchain/bin/../lib/gcc/avr/5.4.0/avr5\libgcc.a(_udivmodsi4.o)
 .data          0x00000000        0x0 c:/program files (x86)/atmel/studio/7.0/toolchain/avr8/avr8-gnu-toolchain/bin/../lib/gcc/avr/5.4.0/avr5\libgcc.a(_udivmodsi4.o)
 .bss           0x00000000        0x0 c:/program files (x86)/atmel/studio/7.0/toolchain/avr8/avr8-gnu-toolchain/bin/../lib/gcc/avr/5.4.0/avr5\libgcc.a(_udivmodsi4.o)
 .text.libgcc.mul
                0x00000000        0x0 c:/program files (x86)/atmel/studio/7.0/toolchain/avr8/avr8-gnu-toolchain/bin/../lib/gcc/avr/5.4.0/avr5\libgcc.a(_udivmodsi4.o)
 .text.libgcc   0x00000000        0x0 c:/program files (x86)/atmel/studio/7.0/toolchain/avr8/avr8-gnu-toolchain/bin/../lib/gcc/avr/5.4.0/avr5\libgcc.a(_udivmodsi4.o)
 .text.libgcc.prologue
                0x00000000        0x0 c:/program files (x86)/atmel/studio/7.0/toolchain/avr8/avr8-gnu-toolchain/bin/../lib/gcc/avr/5.4.0/avr5\libgcc.a(_udivmodsi4.o)
 .text.libgcc.builtins
                0x00000000        0x0 c:/program files (x86)/atmel/studio/7.0/toolchain/avr8/avr8-gnu-toolchain/bin/../lib/gcc/avr/5.4.0/avr5\libgcc.a(_udivmodsi4.o)
 .text.libgcc.fmul
                0x00000000        0x0 c:/program files (x86)/atmel/studio/7.0/toolchain/avr8/avr8-gnu-toolchain/bin/../lib/gcc/avr/5.4.0/avr5\libgcc.a(_udivmodsi4.o)
 .text.libgcc.fixed
                0x00000000        0x0 c:/program files (x86)/atmel/studio/7.0/toolchain/avr8/avr8-gnu-toolchain/bin/../lib/gcc/avr/5.4.0/avr5\libgcc.a(_udivmodsi4.o)
 .text          0x00000000        0x0 c:/program files (x86)/atmel/studio/7.0/toolchain/avr8/avr8-gnu-toolchain/bin/../lib/gcc/avr/5.4.0/avr5\libgcc.a(_umulhisi3.o)
 .data          0x00000000        0x0 c:/program files (x86)/atmel/studio/7.0/toolchain/avr8/avr8-gnu-toolchain/bin/../lib/gcc/avr/5.4.0/avr5\libgcc.a(_umulhisi3.o)
 .bss           0x00000000        0x0 c:/program files (x86)/atmel/studio/7.0/toolchain/avr8/avr8-gnu-toolchain/bin/../lib/gcc/avr/5.4.0/avr5\libgcc.a(_umulhisi3.o)
 .text.libgcc.div
                0x00000000        0x0 c:/program files (x86)/atmel/studio/7.0/toolchain/avr8/avr8-gnu-toolchain/bin/../lib/gcc/avr/5.4.0/avr5\libgcc.a(_umulhisi3.o)
 .text.libgcc   0x00000000        0x0 c:/program files (x86)/atmel/studio/7.0/toolchain/avr8/avr8-gnu-toolchain/bin/../lib/gcc/avr/5.4.0/avr5\libgcc.a(_umulhisi3.o)
 .text.libgcc.prologue
                0x00000000        0x0 c:/program files (x86)/atmel/studio/7.0/toolchain/avr8/avr8-gnu-toolchain/bin/../lib/gcc/avr/5.4.0/avr5\libgcc.a(_umulhisi3.o)
 .text.libgcc.builtins
                0x00000000        0x0 c:/program files (x86)/atmel/studio/7.0/toolchain/avr8/avr8-gnu-toolchain/bin/../lib/gcc/avr/5.4.0/avr5\libgcc.a(_umulhisi3.o)
 .text.libgcc.fmul
                0x00000000        0x0 c:/program files (x86)/atmel/studio/7.0/toolchain/avr8/avr8-gnu-toolchain/bin/../lib/gcc/avr/5.4.0/avr5\libgcc.a(_umulhisi3.o)
 .text.libgcc.fixed
                0x00000000        0x0 c:/program files (x86)/atmel/studio/7.0/toolchain/avr8/avr8-gnu-toolchain/bin/../lib/gcc/avr/5.4.0/avr5\libgcc.a(_umulhisi3.o)

Memory Configuration

Name             Origin             Length             Attributes
text             0x00000000         0x00010000         xr
data             0x00800100         0x00001000         rw !x
eeprom           0x00810000         0x00000800         rw !x
fuse             0x00820000         0x00000003         rw !x
lock             0x00830000         0x00000400         rw !x
signature        0x00840000         0x00000400         rw !x
user_signatures  0x00850000         0x00000400         rw !x
*default*        0x00000000         0xffffffff

Linker script and memory map

Address of section .data set to 0x800100
LOAD C:/Program Files (x86)/Atmel/Studio/7.0/Packs/atmel/ATmega_DFP/1.6.364/gcc/dev/atmega644/avr5/crtatmega644.o
LOAD AVR/grizzly.o
LOAD AVR/gzdisplay.o
LOAD AVR/gztimer.o
LOAD AVR/gzuart.o
LOAD AVR/main.o
LOAD AVR/ui.o
LOAD Engine/chessglobal.o
LOAD Engine/chessutils.o
LOAD Engine/eval.o
LOAD Engine/movegen.o
LOAD Engine/movemake.o
LOAD Engine/search.o
START GROUP
LOAD c:/program files (x86)/atmel/studio/7.0/toolchain/avr8/avr8-gnu-toolchain/bin/../lib/gcc/avr/5.4.0/../../../../avr/lib/avr5\libm.a
END GROUP
START GROUP
LOAD c:/program files (x86)/atmel/studio/7.0/toolchain/avr8/avr8-gnu-toolchain/bin/../lib/gcc/avr/5.4.0/avr5\libgcc.a
LOAD c:/program files (x86)/atmel/studio/7.0/toolchain/avr8/avr8-gnu-toolchain/bin/../lib/gcc/avr/5.4.0/../../../../avr/lib/avr5\libm.a
LOAD c:/program files (x86)/atmel/studio/7.0/toolchain/avr8/avr8-gnu-toolchain/bin/../lib/gcc/avr/5.4.0/../../../../avr/lib/avr5\libc.a
LOAD C:/Program Files (x86)/Atmel/Studio/7.0/Packs/atmel/ATmega_DFP/1.6.364/gcc/dev/atmega644/avr5\libatmega644.a
END GROUP
                0x00000000                __TEXT_REGION_ORIGIN__ = DEFINED (__TEXT_REGION_ORIGIN__)?__TEXT_REGION_ORIGIN__:0x0
                [0x00800100]                __DATA_REGION_ORIGIN__ = DEFINED (__DATA_REGION_ORIGIN__)?__DATA_REGION_ORIGIN__:0x800060
                [0x00010000]                __TEXT_REGION_LENGTH__ = DEFINED (__TEXT_REGION_LENGTH__)?__TEXT_REGION_LENGTH__:0x20000
                [0x00001000]                __DATA_REGION_LENGTH__ = DEFINED (__DATA_REGION_LENGTH__)?__DATA_REGION_LENGTH__:0xffa0
                [0x00000800]                __EEPROM_REGION_LENGTH__ = DEFINED (__EEPROM_REGION_LENGTH__)?__EEPROM_REGION_LENGTH__:0x10000
                [0x00000003]                __FUSE_REGION_LENGTH__ = DEFINED (__FUSE_REGION_LENGTH__)?__FUSE_REGION_LENGTH__:0x400
                0x00000400                __LOCK_REGION_LENGTH__ = DEFINED (__LOCK_REGION_LENGTH__)?__LOCK_REGION_LENGTH__:0x400
                0x00000400                __SIGNATURE_REGION_LENGTH__ = DEFINED (__SIGNATURE_REGION_LENGTH__)?__SIGNATURE_REGION_LENGTH__:0x400
                0x00000400                __USER_SIGNATURE_REGION_LENGTH__ = DEFINED (__USER_SIGNATURE_REGION_LENGTH__)?__USER_SIGNATURE_REGION_LENGTH__:0x400

.hash
 *(.hash)

.dynsym
 *(.dynsym)

.dynstr
 *(.dynstr)

.gnu.version
 *(.gnu.version)

.gnu.version_d
 *(.gnu.version_d)

.gnu.version_r
 *(.gnu.version_r)

.rel.init
 *(.rel.init)

.rela.init
 *(.rela.init)

.rel.text
 *(.rel.text)
 *(.rel.text.*)
 *(.rel.gnu.linkonce.t*)

.rela.text
 *(.rela.text)
 *(.rela.text.*)
 *(.rela.gnu.linkonce.t*)

.rel.fini
 *(.rel.fini)

.rela.fini
 *(.rela.fini)

.rel.rodata
 *(.rel.rodata)
 *(.rel.rodata.*)
 *(.rel.gnu.linkonce.r*)

.rela.rodata
 *(.rela.rodata)
 *(.rela.rodata.*)
 *(.rela.gnu.linkonce.r*)

.rel.data
 *(.rel.data)
 *(.rel.data.*)
 *(.rel.gnu.linkonce.d*)

.rela.data
 *(.rela.data)
 *(.rela.data.*)
 *(.rela.gnu.linkonce.d*)

.rel.ctors
 *(.rel.ctors)

.rela.ctors
 *(.rela.ctors)

.rel.dtors
 *(.rel.dtors)

.rela.dtors
 *(.rela.dtors)

.rel.got
 *(.rel.got)

.rela.got
 *(.rela.got)

.rel.bss
 *(.rel.bss)

.rela.bss
 *(.rela.bss)

.rel.plt
 *(.rel.plt)

.rela.plt
 *(.rela.plt)

.text           0x00000000     0x2684
 *(.vectors)
 .vectors       0x00000000       0x70 C:/Program Files (x86)/Atmel/Studio/7.0/Packs/atmel/ATmega_DFP/1.6.364/gcc/dev/atmega644/avr5/crtatmega644.o
                0x00000000                __vector_default
                0x00000000                __vectors
 *(.vectors)
 *(.progmem.gcc*)
                0x00000070                . = ALIGN (0x2)
                0x00000070                __trampolines_start = .
 *(.trampolines)
 .trampolines   0x00000070        0x0 linker stubs
 *(.trampolines*)
                0x00000070                __trampolines_end = .
 *libprintf_flt.a:*(.progmem.data)
 *libc.a:*(.progmem.data)
 *(.progmem*)
                0x00000070                . = ALIGN (0x2)
 *(.jumptables)
 *(.jumptables*)
 *(.lowtext)
 *(.lowtext*)
                0x00000070                __ctors_start = .
 *(.ctors)
                0x00000070                __ctors_end = .
                0x00000070                __dtors_start = .
 *(.dtors)
                0x00000070                __dtors_end = .
 SORT(*)(.ctors)
 SORT(*)(.dtors)
 *(.init0)
 .init0         0x00000070        0x0 C:/Program Files (x86)/Atmel/Studio/7.0/Packs/atmel/ATmega_DFP/1.6.364/gcc/dev/atmega644/avr5/crtatmega644.o
                0x00000070                __init
 *(.init0)
 *(.init1)
 *(.init1)
 *(.init2)
 .init2         0x00000070        0xc C:/Program Files (x86)/Atmel/Studio/7.0/Packs/atmel/ATmega_DFP/1.6.364/gcc/dev/atmega644/avr5/crtatmega644.o
 *(.init2)
 *(.init3)
 *(.init3)
 *(.init4)
 .init4         0x0000007c       0x16 c:/program files (x86)/atmel/studio/7.0/toolchain/avr8/avr8-gnu-toolchain/bin/../lib/gcc/avr/5.4.0/avr5\libgcc.a(_copy_data.o)
                0x0000007c                __do_copy_data
 .init4         0x00000092       0x10 c:/program files (x86)/atmel/studio/7.0/toolchain/avr8/avr8-gnu-toolchain/bin/../lib/gcc/avr/5.4.0/avr5\libgcc.a(_clear_bss.o)
                0x00000092                __do_clear_bss
 *(.init4)
 *(.init5)
 *(.init5)
 *(.init6)
 *(.init6)
 *(.init7)
 *(.init7)
 *(.init8)
 *(.init8)
 *(.init9)
 .init9         0x000000a2        0x8 C:/Program Files (x86)/Atmel/Studio/7.0/Packs/atmel/ATmega_DFP/1.6.364/gcc/dev/atmega644/avr5/crtatmega644.o
 *(.init9)
 *(.text)
 .text          0x000000aa        0x4 C:/Program Files (x86)/Atmel/Studio/7.0/Packs/atmel/ATmega_DFP/1.6.364/gcc/dev/atmega644/avr5/crtatmega644.o
                0x000000aa                __vector_22
                0x000000aa                __vector_1
                0x000000aa                __vector_24
                0x000000aa                __vector_12
                0x000000aa                __bad_interrupt
                0x000000aa                __vector_6
                0x000000aa                __vector_3
                0x000000aa                __vector_23
                0x000000aa                __vector_25
                0x000000aa                __vector_11
                0x000000aa                __vector_17
                0x000000aa                __vector_19
                0x000000aa                __vector_7
                0x000000aa                __vector_27
                0x000000aa                __vector_5
                0x000000aa                __vector_4
                0x000000aa                __vector_9
                0x000000aa                __vector_2
                0x000000aa                __vector_21
                0x000000aa                __vector_15
                0x000000aa                __vector_8
                0x000000aa                __vector_26
                0x000000aa                __vector_14
                0x000000aa                __vector_10
                0x000000aa                __vector_16
                0x000000aa                __vector_18
                0x000000ae                . = ALIGN (0x2)
 *(.text.*)
 .text.grizzly  0x000000ae      0x1b6 AVR/grizzly.o
                0x000000ae                grizzly
 .text.displayInit
                0x00000264       0x24 AVR/gzdisplay.o
                0x00000264                displayInit
 .text.displayShowLevel
                0x00000288       0x36 AVR/gzdisplay.o
                0x00000288                displayShowLevel
 .text.displayShowMove
                0x000002be       0x4c AVR/gzdisplay.o
                0x000002be                displayShowMove
 .text.fillDisplay
                0x0000030a       0x16 AVR/gzdisplay.o
                0x0000030a                fillDisplay
 .text.timerInit
                0x00000320       0x36 AVR/gztimer.o
                0x00000320                timerInit
 .text.__vector_13
                0x00000356       0xdc AVR/gztimer.o
                0x00000356                __vector_13
 .text.uartInit
                0x00000432       0x18 AVR/gzuart.o
                0x00000432                uartInit
 .text.uartPutc
                0x0000044a        0xe AVR/gzuart.o
                0x0000044a                uartPutc
 .text.uartPuts
                0x00000458       0x1a AVR/gzuart.o
                0x00000458                uartPuts
 .text.uartSendHexByte
                0x00000472       0x34 AVR/gzuart.o
                0x00000472                uartSendHexByte
 .text.uartSendHexWord
                0x000004a6       0x14 AVR/gzuart.o
                0x000004a6                uartSendHexWord
 .text.uartSendDec16
                0x000004ba       0x72 AVR/gzuart.o
                0x000004ba                uartSendDec16
 .text.uartSendDec32
                0x0000052c       0xbc AVR/gzuart.o
                0x0000052c                uartSendDec32
 .text.setColor
                0x000005e8       0x28 AVR/gzuart.o
                0x000005e8                setColor
 .text.newLine  0x00000610        0xa AVR/gzuart.o
                0x00000610                newLine
 .text.__vector_20
                0x0000061a       0x14 AVR/gzuart.o
                0x0000061a                __vector_20
 .text.systemInit
                0x0000062e       0x26 AVR/main.o
                0x0000062e                systemInit
 .text.main     0x00000654       0x12 AVR/main.o
                0x00000654                main
 .text.printMove
                0x00000666       0x32 AVR/ui.o
                0x00000666                printMove
 .text.printBoard
                0x00000698       0xd6 AVR/ui.o
                0x00000698                printBoard
 .text.printMovelist
                0x0000076e       0x9a AVR/ui.o
                0x0000076e                printMovelist
 .text.dbgPuts  0x00000808        0x6 AVR/ui.o
                0x00000808                dbgPuts
 .text.dbgSetColor
                0x0000080e        0x6 AVR/ui.o
                0x0000080e                dbgSetColor
 .text.dbgSendHexByte
                0x00000814        0x6 AVR/ui.o
                0x00000814                dbgSendHexByte
 .text.dbgSendDec16
                0x0000081a        0x6 AVR/ui.o
                0x0000081a                dbgSendDec16
 .text.dbgNewLine
                0x00000820        0x6 AVR/ui.o
                0x00000820                dbgNewLine
 .text.isAttacked
                0x00000826      0x132 Engine/chessutils.o
                0x00000826                isAttacked
 .text.clearBoard
                0x00000958       0x16 Engine/chessutils.o
                0x00000958                clearBoard
 .text.showMaterial
                0x0000096e       0x64 Engine/chessutils.o
                0x0000096e                showMaterial
 .text.getMaterial
                0x000009d2       0xcc Engine/chessutils.o
                0x000009d2                getMaterial
 .text.newGame  0x00000a9e      0x124 Engine/chessutils.o
                0x00000a9e                newGame
 .text.eval     0x00000bc2       0xc4 Engine/eval.o
                0x00000bc2                eval
 .text.moveGen  0x00000c86      0x44e Engine/movegen.o
                0x00000c86                moveGen
 .text.captureMoveGen
                0x000010d4      0x2d8 Engine/movegen.o
                0x000010d4                captureMoveGen
 .text.nextMove
                0x000013ac      0xa52 Engine/movemake.o
                0x000013ac                nextMove
 .text.backMove
                0x00001dfe      0x1d4 Engine/movemake.o
                0x00001dfe                backMove
 .text.doMove   0x00001fd2      0x29a Engine/movemake.o
                0x00001fd2                doMove
 .text.qsearch  0x0000226c       0xea Engine/search.o
                0x0000226c                qsearch
 .text.negaMax  0x00002356       0xd6 Engine/search.o
                0x00002356                negaMax
 .text.calculateMove
                0x0000242c      0x14e Engine/search.o
                0x0000242c                calculateMove
 .text.libgcc.div
                0x0000257a       0x28 c:/program files (x86)/atmel/studio/7.0/toolchain/avr8/avr8-gnu-toolchain/bin/../lib/gcc/avr/5.4.0/avr5\libgcc.a(_divmodhi4.o)
                0x0000257a                _div
                0x0000257a                __divmodhi4
 .text.libgcc.div
                0x000025a2       0x2e c:/program files (x86)/atmel/studio/7.0/toolchain/avr8/avr8-gnu-toolchain/bin/../lib/gcc/avr/5.4.0/avr5\libgcc.a(_divmodsi4.o)
                0x000025a2                __divmodsi4
 .text.libgcc.div
                0x000025d0       0x10 c:/program files (x86)/atmel/studio/7.0/toolchain/avr8/avr8-gnu-toolchain/bin/../lib/gcc/avr/5.4.0/avr5\libgcc.a(_negsi2.o)
                0x000025d0                __negsi2
 .text.libgcc.mul
                0x000025e0       0x16 c:/program files (x86)/atmel/studio/7.0/toolchain/avr8/avr8-gnu-toolchain/bin/../lib/gcc/avr/5.4.0/avr5\libgcc.a(_muluhisi3.o)
                0x000025e0                __muluhisi3
 .text.libgcc.div
                0x000025f6       0x28 c:/program files (x86)/atmel/studio/7.0/toolchain/avr8/avr8-gnu-toolchain/bin/../lib/gcc/avr/5.4.0/avr5\libgcc.a(_udivmodhi4.o)
                0x000025f6                __udivmodhi4
 .text.libgcc.div
                0x0000261e       0x44 c:/program files (x86)/atmel/studio/7.0/toolchain/avr8/avr8-gnu-toolchain/bin/../lib/gcc/avr/5.4.0/avr5\libgcc.a(_udivmodsi4.o)
                0x0000261e                __udivmodsi4
 .text.libgcc.mul
                0x00002662       0x1e c:/program files (x86)/atmel/studio/7.0/toolchain/avr8/avr8-gnu-toolchain/bin/../lib/gcc/avr/5.4.0/avr5\libgcc.a(_umulhisi3.o)
                0x00002662                __umulhisi3
                0x00002680                . = ALIGN (0x2)
 *(.fini9)
 .fini9         0x00002680        0x0 c:/program files (x86)/atmel/studio/7.0/toolchain/avr8/avr8-gnu-toolchain/bin/../lib/gcc/avr/5.4.0/avr5\libgcc.a(_exit.o)
                0x00002680                _exit
                0x00002680                exit
 *(.fini9)
 *(.fini8)
 *(.fini8)
 *(.fini7)
 *(.fini7)
 *(.fini6)
 *(.fini6)
 *(.fini5)
 *(.fini5)
 *(.fini4)
 *(.fini4)
 *(.fini3)
 *(.fini3)
 *(.fini2)
 *(.fini2)
 *(.fini1)
 *(.fini1)
 *(.fini0)
 .fini0         0x00002680        0x4 c:/program files (x86)/atmel/studio/7.0/toolchain/avr8/avr8-gnu-toolchain/bin/../lib/gcc/avr/5.4.0/avr5\libgcc.a(_exit.o)
 *(.fini0)
                0x00002684                _etext = .

.data           0x00800100      0x342 load address 0x00002684
                0x00800100                PROVIDE (__data_start, .)
 *(.data)
 *(.data*)
 .data.displayBuffer
                0x00800100        0x4 Engine/chessglobal.o
                0x00800100                displayBuffer
 *(.gnu.linkonce.d*)
 *(.rodata)
 *(.rodata*)
 .rodata.str1.1
                0x00800104       0x85 AVR/grizzly.o
                                 0x88 (size before relaxing)
 .rodata.displayCharset
                0x00800189       0x12 AVR/gzdisplay.o
                0x00800189                displayCharset
 .rodata.str1.1
                0x0080019b        0x3 AVR/gzuart.o
 .rodata.str1.1
                0x0080019e       0x27 AVR/ui.o
                                 0x32 (size before relaxing)
 .rodata.pieceChars
                0x008001c5        0x8 AVR/ui.o
                0x008001c5                pieceChars
 .rodata.moffQueen
                0x008001cd        0xa Engine/chessglobal.o
                0x008001cd                moffQueen
 .rodata.moffBishop
                0x008001d7        0x6 Engine/chessglobal.o
                0x008001d7                moffBishop
 .rodata.moffRook
                0x008001dd        0x6 Engine/chessglobal.o
                0x008001dd                moffRook
 .rodata.moffKing
                0x008001e3        0xa Engine/chessglobal.o
                0x008001e3                moffKing
 .rodata.moffKnight
                0x008001ed        0xa Engine/chessglobal.o
                0x008001ed                moffKnight
 .rodata.centerValues
                0x008001f7      0x100 Engine/chessglobal.o
                0x008001f7                centerValues
 .rodata.pieceValues
                0x008002f7       0x30 Engine/chessglobal.o
                0x008002f7                pieceValues
 .rodata.str1.1
                0x00800327       0x60 Engine/chessutils.o
                                 0x80 (size before relaxing)
 .rodata.baseRow
                0x00800387        0x8 Engine/chessutils.o
                0x00800387                baseRow
 .rodata.valPieces
                0x0080038f        0xe Engine/eval.o
                0x0080038f                valPieces
 .rodata.str1.1
                0x0080039d       0x1c Engine/movegen.o
                                 0x3f (size before relaxing)
 .rodata.str1.1
                0x008003b9       0x19 Engine/movemake.o
                                 0x1c (size before relaxing)
 .rodata.str1.1
                0x008003d2       0x70 Engine/search.o
                                 0x75 (size before relaxing)
 *(.gnu.linkonce.r*)
                0x00800442                . = ALIGN (0x2)
                0x00800442                _edata = .
                0x00800442                PROVIDE (__data_end, .)

.bss            0x00800442      0x724
                0x00800442                PROVIDE (__bss_start, .)
 *(.bss)
 *(.bss*)
 *(COMMON)
 COMMON         0x00800442        0x4 AVR/gztimer.o
                0x00800442                timerUptime
                0x00800443                timerRefreshTimer
                0x00800444                timerSilentCount
                0x00800445                timerRefreshNow
 COMMON         0x00800446      0x720 Engine/chessglobal.o
                0x00800446                side
                0x00800447                hm
                0x0080062b                board
                0x008006ab                criticalError
                0x008006ac                ply
                0x008006ad                keysPressed
                0x008006ae                funKeysPressed
                0x008006af                nodes
                0x008006b3                displayDigit
                0x008006b4                plyMax
                0x008006b5                mvList
                0x00800b65                maxDepth
                0x00800b66                PROVIDE (__bss_end, .)
                0x00002684                __data_load_start = LOADADDR (.data)
                0x000029c6                __data_load_end = (__data_load_start + SIZEOF (.data))

.noinit         0x00800b66        0x0
                [!provide]                PROVIDE (__noinit_start, .)
 *(.noinit*)
                [!provide]                PROVIDE (__noinit_end, .)
                0x00800b66                _end = .
                [!provide]                PROVIDE (__heap_start, .)

.eeprom         0x00810000        0x0
 *(.eeprom*)
                0x00810000                __eeprom_end = .

.fuse
 *(.fuse)
 *(.lfuse)
 *(.hfuse)
 *(.efuse)

.lock
 *(.lock*)

.signature
 *(.signature*)

.user_signatures
 *(.user_signatures*)

.stab
 *(.stab)

.stabstr
 *(.stabstr)

.stab.excl
 *(.stab.excl)

.stab.exclstr
 *(.stab.exclstr)

.stab.index
 *(.stab.index)

.stab.indexstr
 *(.stab.indexstr)

.comment        0x00000000       0x30
 *(.comment)
 .comment       0x00000000       0x30 AVR/grizzly.o
                                 0x31 (size before relaxing)
 .comment       0x00000030       0x31 AVR/gzdisplay.o
 .comment       0x00000030       0x31 AVR/gztimer.o
 .comment       0x00000030       0x31 AVR/gzuart.o
 .comment       0x00000030       0x31 AVR/main.o
 .comment       0x00000030       0x31 AVR/ui.o
 .comment       0x00000030       0x31 Engine/chessglobal.o
 .comment       0x00000030       0x31 Engine/chessutils.o
 .comment       0x00000030       0x31 Engine/eval.o
 .comment       0x00000030       0x31 Engine/movegen.o
 .comment       0x00000030       0x31 Engine/movemake.o
 .comment       0x00000030       0x31 Engine/search.o

.note.gnu.avr.deviceinfo
                0x00000000       0x3c
 .note.gnu.avr.deviceinfo
                0x00000000       0x3c C:/Program Files (x86)/Atmel/Studio/7.0/Packs/atmel/ATmega_DFP/1.6.364/gcc/dev/atmega644/avr5/crtatmega644.o

.note.gnu.build-id
 *(.note.gnu.build-id)

.debug
 *(.debug)

.line
 *(.line)

.debug_srcinfo
 *(.debug_srcinfo)

.debug_sfnames
 *(.debug_sfnames)

.debug_aranges  0x00000000      0x2c8
 *(.debug_aranges)
 .debug_aranges
                0x00000000       0x28 AVR/grizzly.o
 .debug_aranges
                0x00000028       0x50 AVR/gzdisplay.o
 .debug_aranges
                0x00000078       0x28 AVR/gztimer.o
 .debug_aranges
                0x000000a0       0x68 AVR/gzuart.o
 .debug_aranges
                0x00000108       0x28 AVR/main.o
 .debug_aranges
                0x00000130       0x80 AVR/ui.o
 .debug_aranges
                0x000001b0       0x18 Engine/chessglobal.o
 .debug_aranges
                0x000001c8       0x48 Engine/chessutils.o
 .debug_aranges
                0x00000210       0x20 Engine/eval.o
 .debug_aranges
                0x00000230       0x28 Engine/movegen.o
 .debug_aranges
                0x00000258       0x40 Engine/movemake.o
 .debug_aranges
                0x00000298       0x30 Engine/search.o

.debug_pubnames
 *(.debug_pubnames)

.debug_info     0x00000000     0x3aa0
 *(.debug_info .gnu.linkonce.wi.*)
 .debug_info    0x00000000      0x672 C:/Program Files (x86)/Atmel/Studio/7.0/Packs/atmel/ATmega_DFP/1.6.364/gcc/dev/atmega644/avr5/crtatmega644.o
 .debug_info    0x00000672      0x619 AVR/grizzly.o
 .debug_info    0x00000c8b      0x1df AVR/gzdisplay.o
 .debug_info    0x00000e6a      0x158 AVR/gztimer.o
 .debug_info    0x00000fc2      0x3d3 AVR/gzuart.o
 .debug_info    0x00001395      0x113 AVR/main.o
 .debug_info    0x000014a8      0x7d3 AVR/ui.o
 .debug_info    0x00001c7b      0x3de Engine/chessglobal.o
 .debug_info    0x00002059      0x645 Engine/chessutils.o
 .debug_info    0x0000269e      0x291 Engine/eval.o
 .debug_info    0x0000292f      0x519 Engine/movegen.o
 .debug_info    0x00002e48      0x659 Engine/movemake.o
 .debug_info    0x000034a1      0x5ff Engine/search.o

.debug_abbrev   0x00000000     0x1455
 *(.debug_abbrev)
 .debug_abbrev  0x00000000      0x619 C:/Program Files (x86)/Atmel/Studio/7.0/Packs/atmel/ATmega_DFP/1.6.364/gcc/dev/atmega644/avr5/crtatmega644.o
 .debug_abbrev  0x00000619      0x15b AVR/grizzly.o
 .debug_abbrev  0x00000774       0xe7 AVR/gzdisplay.o
 .debug_abbrev  0x0000085b       0xb3 AVR/gztimer.o
 .debug_abbrev  0x0000090e      0x143 AVR/gzuart.o
 .debug_abbrev  0x00000a51       0x8d AVR/main.o
 .debug_abbrev  0x00000ade      0x1cd AVR/ui.o
 .debug_abbrev  0x00000cab       0xb2 Engine/chessglobal.o
 .debug_abbrev  0x00000d5d      0x1cc Engine/chessutils.o
 .debug_abbrev  0x00000f29       0xf6 Engine/eval.o
 .debug_abbrev  0x0000101f      0x126 Engine/movegen.o
 .debug_abbrev  0x00001145      0x1cf Engine/movemake.o
 .debug_abbrev  0x00001314      0x141 Engine/search.o

.debug_line     0x00000000     0x28f2
 *(.debug_line .debug_line.* .debug_line_end)
 .debug_line    0x00000000      0x140 C:/Program Files (x86)/Atmel/Studio/7.0/Packs/atmel/ATmega_DFP/1.6.364/gcc/dev/atmega644/avr5/crtatmega644.o
 .debug_line    0x00000140      0x33f AVR/grizzly.o
 .debug_line    0x0000047f      0x1bd AVR/gzdisplay.o
 .debug_line    0x0000063c      0x1c1 AVR/gztimer.o
 .debug_line    0x000007fd      0x2b8 AVR/gzuart.o
 .debug_line    0x00000ab5      0x136 AVR/main.o
 .debug_line    0x00000beb      0x34b AVR/ui.o
 .debug_line    0x00000f36       0xa9 Engine/chessglobal.o
 .debug_line    0x00000fdf      0x4eb Engine/chessutils.o
 .debug_line    0x000014ca      0x138 Engine/eval.o
 .debug_line    0x00001602      0x769 Engine/movegen.o
 .debug_line    0x00001d6b      0x872 Engine/movemake.o
 .debug_line    0x000025dd      0x315 Engine/search.o

.debug_frame    0x00000000      0x62c
 *(.debug_frame)
 .debug_frame   0x00000000       0x34 AVR/grizzly.o
 .debug_frame   0x00000034       0x84 AVR/gzdisplay.o
 .debug_frame   0x000000b8       0x64 AVR/gztimer.o
 .debug_frame   0x0000011c      0x134 AVR/gzuart.o
 .debug_frame   0x00000250       0x34 AVR/main.o
 .debug_frame   0x00000284      0x130 AVR/ui.o
 .debug_frame   0x000003b4       0x9c Engine/chessutils.o
 .debug_frame   0x00000450       0x24 Engine/eval.o
 .debug_frame   0x00000474       0x6c Engine/movegen.o
 .debug_frame   0x000004e0       0xa4 Engine/movemake.o
 .debug_frame   0x00000584       0xa8 Engine/search.o

.debug_str      0x00000000      0x903
 *(.debug_str)
 .debug_str     0x00000000      0x231 C:/Program Files (x86)/Atmel/Studio/7.0/Packs/atmel/ATmega_DFP/1.6.364/gcc/dev/atmega644/avr5/crtatmega644.o
 .debug_str     0x00000231      0x329 AVR/grizzly.o
                                0x371 (size before relaxing)
 .debug_str     0x0000055a       0x71 AVR/gzdisplay.o
                                0x226 (size before relaxing)
 .debug_str     0x000005cb       0x70 AVR/gztimer.o
                                0x206 (size before relaxing)
 .debug_str     0x0000063b       0x52 AVR/gzuart.o
                                0x20c (size before relaxing)
 .debug_str     0x0000068d       0x1e AVR/main.o
                                0x1a5 (size before relaxing)
 .debug_str     0x000006ab       0x99 AVR/ui.o
                                0x34b (size before relaxing)
 .debug_str     0x00000744       0x7f Engine/chessglobal.o
                                0x2e6 (size before relaxing)
 .debug_str     0x000007c3       0x63 Engine/chessutils.o
                                0x33c (size before relaxing)
 .debug_str     0x00000826       0x16 Engine/eval.o
                                0x24f (size before relaxing)
 .debug_str     0x0000083c       0x39 Engine/movegen.o
                                0x2c7 (size before relaxing)
 .debug_str     0x00000875       0x61 Engine/movemake.o
                                0x2ee (size before relaxing)
 .debug_str     0x000008d6       0x2d Engine/search.o
                                0x2bc (size before relaxing)

.debug_loc      0x00000000     0x1c9f
 *(.debug_loc)
 .debug_loc     0x00000000      0x17f AVR/grizzly.o
 .debug_loc     0x0000017f       0x82 AVR/gzdisplay.o
 .debug_loc     0x00000201      0x104 AVR/gztimer.o
 .debug_loc     0x00000305      0x446 AVR/gzuart.o
 .debug_loc     0x0000074b      0x397 AVR/ui.o
 .debug_loc     0x00000ae2      0x430 Engine/chessutils.o
 .debug_loc     0x00000f12       0xc2 Engine/eval.o
 .debug_loc     0x00000fd4      0x3b5 Engine/movegen.o
 .debug_loc     0x00001389      0x4e8 Engine/movemake.o
 .debug_loc     0x00001871      0x42e Engine/search.o

.debug_macinfo
 *(.debug_macinfo)

.debug_weaknames
 *(.debug_weaknames)

.debug_funcnames
 *(.debug_funcnames)

.debug_typenames
 *(.debug_typenames)

.debug_varnames
 *(.debug_varnames)

.debug_pubtypes
 *(.debug_pubtypes)

.debug_ranges   0x00000000      0x270
 *(.debug_ranges)
 .debug_ranges  0x00000000       0x18 AVR/grizzly.o
 .debug_ranges  0x00000018       0x40 AVR/gzdisplay.o
 .debug_ranges  0x00000058       0x18 AVR/gztimer.o
 .debug_ranges  0x00000070       0x58 AVR/gzuart.o
 .debug_ranges  0x000000c8       0x18 AVR/main.o
 .debug_ranges  0x000000e0       0x70 AVR/ui.o
 .debug_ranges  0x00000150       0x38 Engine/chessutils.o
 .debug_ranges  0x00000188       0x10 Engine/eval.o
 .debug_ranges  0x00000198       0x58 Engine/movegen.o
 .debug_ranges  0x000001f0       0x60 Engine/movemake.o
 .debug_ranges  0x00000250       0x20 Engine/search.o

.debug_macro
 *(.debug_macro)
OUTPUT(GrizzlyOne.elf elf32-avr)
LOAD linker stubs
